Sender: LSF System <lsfadmin@rivm-comp-l17p>
Subject: Job 36456736: <python ./src/generate.py -n 10 -k 1000 -o results/isom/10_1000 -l 50 && python ./src/test.py -i results/isom/10_1000/> in cluster <RIVM-LSF-PRD> Done

Job <python ./src/generate.py -n 10 -k 1000 -o results/isom/10_1000 -l 50 && python ./src/test.py -i results/isom/10_1000/> was submitted from host <rivm-biohn-l07p.int.ssc-campus.nl> by user <jansser> in cluster <RIVM-LSF-PRD> at Tue Jun  9 16:11:04 2026
Job was executed on host(s) <rivm-comp-l17p>, in queue <bio>, as user <jansser> in cluster <RIVM-LSF-PRD> at Tue Jun  9 16:11:05 2026
</home/jansser> was used as the home directory.
</home/jansser/Projects/test-phylox-isomorphisms> was used as the working directory.
Started at Tue Jun  9 16:11:05 2026
Terminated at Wed Jun 10 07:07:07 2026
Results reported at Wed Jun 10 07:07:07 2026

Your job looked like:

------------------------------------------------------------
# LSBATCH: User input
python ./src/generate.py -n 10 -k 1000 -o results/isom/10_1000 -l 50 && python ./src/test.py -i results/isom/10_1000/
------------------------------------------------------------

Successfully completed.

Resource usage summary:

    CPU time :                                   53599.96 sec.
    Max Memory :                                 81 MB
    Average Memory :                             77.04 MB
    Total Requested Memory :                     -
    Delta Memory :                               -
    Max Swap :                                   196 MB
    Max Processes :                              3
    Max Threads :                                4
    Run time :                                   53762 sec.
    Turnaround time :                            53763 sec.

The output (if any) follows:



PS:

Read file <results/isom/10_1000/cluster.err> for stderr output of this job.

