Sender: LSF System <lsfadmin@rivm-comp-l17p>
Subject: Job 36456751: <python ./src/generate.py -n 1000 -k 100 -o results/isom/1000_100 -l 50 && python ./src/test.py -i results/isom/1000_100/> in cluster <RIVM-LSF-PRD> Done

Job <python ./src/generate.py -n 1000 -k 100 -o results/isom/1000_100 -l 50 && python ./src/test.py -i results/isom/1000_100/> was submitted from host <rivm-biohn-l07p.int.ssc-campus.nl> by user <jansser> in cluster <RIVM-LSF-PRD> at Tue Jun  9 16:11:05 2026
Job was executed on host(s) <rivm-comp-l17p>, in queue <bio>, as user <jansser> in cluster <RIVM-LSF-PRD> at Tue Jun  9 16:11:06 2026
</home/jansser> was used as the home directory.
</home/jansser/Projects/test-phylox-isomorphisms> was used as the working directory.
Started at Tue Jun  9 16:11:06 2026
Terminated at Wed Jun 10 00:25:52 2026
Results reported at Wed Jun 10 00:25:52 2026

Your job looked like:

------------------------------------------------------------
# LSBATCH: User input
python ./src/generate.py -n 1000 -k 100 -o results/isom/1000_100 -l 50 && python ./src/test.py -i results/isom/1000_100/
------------------------------------------------------------

Successfully completed.

Resource usage summary:

    CPU time :                                   29587.72 sec.
    Max Memory :                                 209 MB
    Average Memory :                             84.97 MB
    Total Requested Memory :                     -
    Delta Memory :                               -
    Max Swap :                                   317 MB
    Max Processes :                              3
    Max Threads :                                4
    Run time :                                   29687 sec.
    Turnaround time :                            29687 sec.

The output (if any) follows:



PS:

Read file <results/isom/1000_100/cluster.err> for stderr output of this job.

