Sender: LSF System <lsfadmin@rivm-comp-l17p>
Subject: Job 36456733: <python ./src/generate.py -n 10 -k 0 -o results/isom/10_0 -l 50 && python ./src/test.py -i results/isom/10_0/> in cluster <RIVM-LSF-PRD> Done

Job <python ./src/generate.py -n 10 -k 0 -o results/isom/10_0 -l 50 && python ./src/test.py -i results/isom/10_0/> was submitted from host <rivm-biohn-l07p.int.ssc-campus.nl> by user <jansser> in cluster <RIVM-LSF-PRD> at Tue Jun  9 16:11:04 2026
Job was executed on host(s) <rivm-comp-l17p>, in queue <bio>, as user <jansser> in cluster <RIVM-LSF-PRD> at Tue Jun  9 16:11:05 2026
</home/jansser> was used as the home directory.
</home/jansser/Projects/test-phylox-isomorphisms> was used as the working directory.
Started at Tue Jun  9 16:11:05 2026
Terminated at Tue Jun  9 16:11:16 2026
Results reported at Tue Jun  9 16:11:16 2026

Your job looked like:

------------------------------------------------------------
# LSBATCH: User input
python ./src/generate.py -n 10 -k 0 -o results/isom/10_0 -l 50 && python ./src/test.py -i results/isom/10_0/
------------------------------------------------------------

Successfully completed.

Resource usage summary:

    CPU time :                                   10.03 sec.
    Max Memory :                                 -
    Average Memory :                             -
    Total Requested Memory :                     -
    Delta Memory :                               -
    Max Swap :                                   -
    Max Processes :                              -
    Max Threads :                                -
    Run time :                                   11 sec.
    Turnaround time :                            12 sec.

The output (if any) follows:



PS:

Read file <results/isom/10_0/cluster.err> for stderr output of this job.

