Sender: LSF System <lsfadmin@rivm-comp-l17p>
Subject: Job 36456731: <python ./src/generate.py -n 100 -k 50 -o results/autom/100_50 -l 20 && python ./src/test_autom.py -i results/autom/100_50/> in cluster <RIVM-LSF-PRD> Done

Job <python ./src/generate.py -n 100 -k 50 -o results/autom/100_50 -l 20 && python ./src/test_autom.py -i results/autom/100_50/> was submitted from host <rivm-biohn-l07p.int.ssc-campus.nl> by user <jansser> in cluster <RIVM-LSF-PRD> at Tue Jun  9 16:11:04 2026
Job was executed on host(s) <rivm-comp-l17p>, in queue <bio>, as user <jansser> in cluster <RIVM-LSF-PRD> at Tue Jun  9 16:11:05 2026
</home/jansser> was used as the home directory.
</home/jansser/Projects/test-phylox-isomorphisms> was used as the working directory.
Started at Tue Jun  9 16:11:05 2026
Terminated at Tue Jun  9 18:26:32 2026
Results reported at Tue Jun  9 18:26:32 2026

Your job looked like:

------------------------------------------------------------
# LSBATCH: User input
python ./src/generate.py -n 100 -k 50 -o results/autom/100_50 -l 20 && python ./src/test_autom.py -i results/autom/100_50/
------------------------------------------------------------

Successfully completed.

Resource usage summary:

    CPU time :                                   8103.77 sec.
    Max Memory :                                 52 MB
    Average Memory :                             51.33 MB
    Total Requested Memory :                     -
    Delta Memory :                               -
    Max Swap :                                   169 MB
    Max Processes :                              3
    Max Threads :                                4
    Run time :                                   8127 sec.
    Turnaround time :                            8128 sec.

The output (if any) follows:



PS:

Read file <results/autom/100_50/cluster.err> for stderr output of this job.

